// Jest Snapshot v1, https://goo.gl/fbAQLP

exports[`Modal is rendering renders 1`] = `
<DocumentFragment>
  <div
    class="modalBackdrop"
  >
    <div
      class="modalContainer"
    >
      <h3
        class="modalTitle"
      >
        Park bench
      </h3>
      <img
        alt="current Category"
        src="1.jpg"
      />
      <p>
        POOPY
      </p>
      <button
        type="button"
      >
        Close this modal
      </button>
    </div>
  </div>
</DocumentFragment>
`;
